
=== F001_T1  (n=1612) ===
ROI              |r| null95      p    lag |   |r|reg null95      p
------------------------------------------------------------------
full_frame     0.403  0.327  0.010     30 |    0.001  0.002  0.925
background     0.346  0.322  0.015     26 |    0.108  0.339  0.940
neck           0.363  0.364  0.060    -36 |    0.189  0.371  0.685
face_all       0.371  0.301  0.000     30 |    0.118  0.327  0.945
nose_mouth     0.121  0.316  0.865     26 |    0.175  0.259  0.445
nose_only      0.323  0.411  0.310    -20 |    0.341  0.447  0.320
mouth_only     0.302  0.306  0.060     28 |    0.253  0.293  0.160

=== F001_T2  (n=552) ===
ROI              |r| null95      p    lag |   |r|reg null95      p
------------------------------------------------------------------
full_frame     0.136  0.473  0.970     -2 |    0.001  0.001  0.680
background     0.359  0.518  0.450      6 |    0.466  0.638  0.620
neck           0.000  0.000  1.000    -50 |      nan    nan  0.000
face_all       0.257  0.455  0.630     16 |    0.224  0.574  0.945
nose_mouth     0.234  0.513  0.850     10 |    0.554  0.692  0.465
nose_only      0.318  0.490  0.580    -22 |    0.182  0.600  0.970
mouth_only     0.140  0.503  1.000     12 |    0.131  0.596  1.000

=== F001_T6  (n=1606) ===
ROI              |r| null95      p    lag |   |r|reg null95      p
------------------------------------------------------------------
full_frame     0.156  0.351  0.805     50 |    0.002  0.002  0.100
background     0.183  0.348  0.595     24 |    0.388  0.313  0.010
neck           0.560  0.429  0.000    -34 |    0.494  0.391  0.005
face_all       0.219  0.340  0.435     42 |    0.369  0.374  0.055
nose_mouth     0.186  0.345  0.595     50 |    0.162  0.395  0.910
nose_only      0.268  0.411  0.460     28 |    0.178  0.434  0.870
mouth_only     0.171  0.309  0.515     50 |    0.209  0.333  0.485

=== F001_T7  (n=1008) ===
ROI              |r| null95      p    lag |   |r|reg null95      p
------------------------------------------------------------------
full_frame     0.490  0.438  0.020    -10 |    0.001  0.001  0.620
background     0.366  0.354  0.030     20 |    0.204  0.431  0.765
neck           0.169  0.484  0.920    -10 |    0.256  0.403  0.500
face_all       0.482  0.442  0.015     -2 |    0.117  0.428  0.980
nose_mouth     0.394  0.477  0.170     30 |    0.241  0.422  0.690
nose_only      0.095  0.490  0.990     50 |    0.307  0.484  0.525
mouth_only     0.174  0.431  0.925     36 |    0.191  0.431  0.895
/tmp/rgb_face_mechanism.py:149: RuntimeWarning: Mean of empty slice
  cen = np.nanmean(Pp, axis=1)

=== F001_T8  (n=227) ===
ROI              |r| null95      p    lag |   |r|reg null95      p
------------------------------------------------------------------
full_frame     0.788  0.832  0.160     28 |    0.001  0.001  0.645
background     0.675  0.785  0.260    -50 |    0.358  0.573  0.730
neck           0.696  0.842  0.360     32 |    0.358  0.573  0.730
face_all       0.746  0.808  0.270     26 |    0.358  0.573  0.730
nose_mouth     0.758  0.815  0.240     24 |    0.358  0.573  0.730
nose_only      0.730  0.873  0.500     30 |    0.358  0.573  0.730
mouth_only     0.739  0.805  0.250     24 |    0.358  0.573  0.730

=== F002_T1  (n=1296) ===
ROI              |r| null95      p    lag |   |r|reg null95      p
------------------------------------------------------------------
full_frame     0.653  0.426  0.000     -4 |    0.000  0.001  0.340
background     0.383  0.404  0.070    -48 |    0.367  0.422  0.125
neck           0.146  0.404  0.885     28 |    0.210  0.416  0.710
face_all       0.647  0.416  0.000     -4 |    0.480  0.497  0.060
nose_mouth     0.633  0.415  0.000     -4 |    0.171  0.416  0.845
nose_only      0.147  0.387  0.900    -50 |    0.221  0.386  0.610
mouth_only     0.624  0.422  0.000     -4 |    0.152  0.409  0.910

=== F002_T2  (n=1278) ===
ROI              |r| null95      p    lag |   |r|reg null95      p
------------------------------------------------------------------
full_frame     0.409  0.372  0.025    -46 |    0.001  0.001  0.770
background     0.436  0.414  0.025    -42 |    0.244  0.348  0.410
neck           0.454  0.373  0.000    -48 |    0.444  0.478  0.110
face_all       0.322  0.380  0.185    -46 |    0.392  0.441  0.155
nose_mouth     0.221  0.324  0.415    -48 |    0.194  0.430  0.785
nose_only      0.251  0.373  0.430     14 |    0.284  0.357  0.235
mouth_only     0.120  0.341  0.895     12 |    0.205  0.416  0.700

=== F003_T1  (n=545) ===
ROI              |r| null95      p    lag |   |r|reg null95      p
------------------------------------------------------------------
full_frame     0.767  0.700  0.005    -22 |    0.001  0.004  0.930
background     0.737  0.684  0.005    -14 |    0.337  0.668  0.775
neck           0.497  0.599  0.355    -18 |    0.498  0.628  0.325
face_all       0.736  0.668  0.005    -14 |    0.423  0.676  0.625
nose_mouth     0.805  0.735  0.020     -8 |    0.445  0.673  0.600
nose_only      0.454  0.724  0.570    -20 |    0.217  0.603  0.940
mouth_only     0.669  0.703  0.090     22 |    0.409  0.611  0.565

=== F003_T2  (n=627) ===
ROI              |r| null95      p    lag |   |r|reg null95      p
------------------------------------------------------------------
full_frame     0.532  0.472  0.010    -24 |    0.001  0.001  0.295
background     0.520  0.416  0.000    -14 |    0.554  0.632  0.155
neck           0.452  0.464  0.060    -28 |    0.558  0.640  0.175
face_all       0.226  0.543  0.960     38 |    0.335  0.494  0.615
nose_mouth     0.305  0.479  0.720     38 |    0.290  0.494  0.560
nose_only      0.335  0.412  0.220     18 |    0.631  0.778  0.215
mouth_only     0.273  0.484  0.650     48 |    0.496  0.716  0.550

=== F004_T1  (n=1072) ===
ROI              |r| null95      p    lag |   |r|reg null95      p
------------------------------------------------------------------
full_frame     0.400  0.532  0.440     -8 |    0.001  0.003  0.765
background     0.559  0.502  0.030    -24 |    0.438  0.421  0.035
neck           0.510  0.519  0.055    -12 |    0.385  0.473  0.235
face_all       0.299  0.487  0.620    -50 |    0.314  0.465  0.385
nose_mouth     0.287  0.495  0.655    -50 |    0.278  0.450  0.630
nose_only      0.480  0.574  0.205    -12 |    0.273  0.466  0.660
mouth_only     0.432  0.467  0.100    -38 |    0.463  0.421  0.020

=== F004_T2  (n=771) ===
ROI              |r| null95      p    lag |   |r|reg null95      p
------------------------------------------------------------------
full_frame     0.348  0.431  0.235     24 |    0.003  0.005  0.975
background     0.332  0.488  0.530     26 |    0.471  0.542  0.195
neck           0.285  0.395  0.435      8 |    0.108  0.425  1.000
face_all       0.333  0.423  0.350     48 |    0.276  0.447  0.720
nose_mouth     0.380  0.455  0.205     44 |    0.159  0.417  0.930
nose_only      0.308  0.411  0.280     42 |    0.419  0.575  0.415
mouth_only     0.300  0.409  0.490     46 |    0.281  0.501  0.815

==============================================================================
ROI-MEAN SUMMARY across 11 sessions (p<0.05 count, and the MOTION-IMMUNE count)
ROI          raw p<.05  reg p<.05   both<.05   chance=0.6 of 11
full_frame           6          0          0
background           6          2          1
neck                 2          2          1
face_all             4          0          0
nose_mouth           2          0          0
nose_only            0          0          0
mouth_only           1          1          0

PER-PIXEL (max over 16x16 pixels and lags)
face_all    p<0.05: 6/11   median |r| 0.658
background  p<0.05: 2/11   median |r| 0.561
nose_mouth  p<0.05: 3/11   median |r| 0.649

READ: `background` and `full_frame` are CONTROLS. If they fire as often as
`face_all`, the effect is camera/illumination (pathway L), not the face.
Compare `raw` vs `reg`: a signal that dies under nuisance regression was
MECHANICAL head motion (pathway M); one that survives is colour/perfusion (C).

